// Jest Snapshot v1, https://goo.gl/fbAQLP

exports[`should match snapshot 1`] = `
<DocumentFragment>
  <div
    class="card"
  >
    <div
      class="card-body"
    >
      <ul
        style="list-style-type: none;"
      >
        <li
          class="lead"
        />
      </ul>
    </div>
  </div>
</DocumentFragment>
`;
